<!DOCTYPE html>
<!--! Special Comment

-->
<html>
<head>
  <meta charset="UTF-8">
  <title>Comment Removal Template</title>
</head>
<body>
  <!--
  <p>This paragraph is commented out.</p>
  -->

  <!----> <p>Empty comment</p>
  <!--!--> <p>Empty special comment</p>
</body>
</html>
